2025-12-01 12:04:53,496 - INFO - ============================================================
2025-12-01 12:04:53,496 - INFO - STAGE 1: Мержинг и дедупликация графа
2025-12-01 12:04:53,496 - INFO - ============================================================
2025-12-01 12:04:53,496 - INFO - Лог файл: results/full/exp3_relaxed.log
2025-12-01 12:04:53,496 - INFO - Входной граф: ../stage0_graph_processing/global_graph_stage0_raw.pkl
2025-12-01 12:04:53,496 - INFO - Выходной граф: results/full/exp3_relaxed.pkl
2025-12-01 12:04:53,496 - INFO - 
Загрузка графа из ../stage0_graph_processing/global_graph_stage0_raw.pkl...
2025-12-01 12:05:32,570 - INFO - Загружено: 202,446 нод, 202,207 рёбер
2025-12-01 12:05:32,633 - INFO - 
============================================================
2025-12-01 12:05:32,633 - INFO - Параметры поиска:
2025-12-01 12:05:32,633 - INFO -   COSINE_SIMILARITY_THRESHOLD = 0.65
2025-12-01 12:05:32,633 - INFO -   NAME_OVERLAP_THRESHOLD = 0.3
2025-12-01 12:05:32,633 - INFO - ============================================================

2025-12-01 12:09:58,997 - INFO - 
============================================================
2025-12-01 12:09:58,997 - INFO - ПРИМЕРЫ С МИНИМАЛЬНЫМИ МЕТРИКАМИ (нижняя граница, 10 шт.):
2025-12-01 12:09:58,997 - INFO - ============================================================

2025-12-01 12:09:58,997 - INFO - Пример 1:
2025-12-01 12:09:58,997 - INFO -   Тип: concept, Категория: validation evidence
2025-12-01 12:09:58,997 - INFO -   Node 1: Ablation studies confirm effectiveness of strategy templates and DRL
2025-12-01 12:09:58,997 - INFO -     ID: arxiv__28f003d422ab3d8c4cbee473d4f8afc1__node_20
2025-12-01 12:09:58,997 - INFO -     Aliases: ['ablation evidence']
2025-12-01 12:09:58,997 - INFO -   Node 2: Ablation study showing quality drop without key techniques and instability without layer normalization
2025-12-01 12:09:58,997 - INFO -     ID: arxiv__c7137da9c2062c735cd0d6c724737d46__node_22
2025-12-01 12:09:58,997 - INFO -     Aliases: ['ablation evidence']
2025-12-01 12:09:58,997 - INFO -   📊 Cosine Similarity: 0.6513
2025-12-01 12:09:58,997 - INFO -   📊 Name Overlap (Jaccard): 0.3333
2025-12-01 12:09:58,997 - INFO - 
2025-12-01 12:09:58,997 - INFO - Пример 2:
2025-12-01 12:09:58,997 - INFO -   Тип: concept, Категория: theoretical insight
2025-12-01 12:09:58,997 - INFO -   Node 1: program distillation and interpretability tools improve policy transparency
2025-12-01 12:09:58,997 - INFO -     ID: arxiv__a8d2cf7295e158f19041f08bac4a4fbf__node_10
2025-12-01 12:09:58,997 - INFO -     Aliases: ['explainability insight']
2025-12-01 12:09:58,997 - INFO -   Node 2: Model-agnostic explanation methods can provide transparency
2025-12-01 12:09:58,997 - INFO -     ID: arxiv__b27ac56467015ad1dfa39767437cec53__node_18
2025-12-01 12:09:58,997 - INFO -     Aliases: ['explainability insight']
2025-12-01 12:09:58,997 - INFO -   📊 Cosine Similarity: 0.6567
2025-12-01 12:09:58,997 - INFO -   📊 Name Overlap (Jaccard): 0.3333
2025-12-01 12:09:58,997 - INFO - 
2025-12-01 12:09:58,997 - INFO - Пример 3:
2025-12-01 12:09:58,997 - INFO -   Тип: concept, Категория: validation evidence
2025-12-01 12:09:58,997 - INFO -   Node 1: Proof of convergence and gridworld experiments showing no shutdown avoidance
2025-12-01 12:09:58,997 - INFO -     ID: blogs__d55acf1c7c302a45cbc59f73ace31519__node_11
2025-12-01 12:09:58,997 - INFO -     Aliases: ['interruptibility validation evidence']
2025-12-01 12:09:58,997 - INFO -   Node 2: Theoretical and empirical analysis showing off-policy agents remain interruptible
2025-12-01 12:09:58,997 - INFO -     ID: youtube__292890d99593a056aaa7c74faf30f9aa__node_22
2025-12-01 12:09:58,997 - INFO -     Aliases: ['Interruptibility validation evidence']
2025-12-01 12:09:58,997 - INFO -   📊 Cosine Similarity: 0.6571
2025-12-01 12:09:58,997 - INFO -   📊 Name Overlap (Jaccard): 0.3333
2025-12-01 12:09:58,997 - INFO - 
2025-12-01 12:09:58,997 - INFO - Пример 4:
2025-12-01 12:09:58,997 - INFO -   Тип: concept, Категория: validation evidence
2025-12-01 12:09:58,997 - INFO -   Node 1: Ablation studies confirm effectiveness of strategy templates and DRL
2025-12-01 12:09:58,997 - INFO -     ID: arxiv__28f003d422ab3d8c4cbee473d4f8afc1__node_20
2025-12-01 12:09:58,997 - INFO -     Aliases: ['ablation evidence']
2025-12-01 12:09:58,997 - INFO -   Node 2: Ablation studies show performance degradation without Sequitur-based routines
2025-12-01 12:09:58,997 - INFO -     ID: arxiv__7321421dc087912a0b094653815460f8__node_18
2025-12-01 12:09:58,997 - INFO -     Aliases: ['ablation evidence']
2025-12-01 12:09:58,997 - INFO -   📊 Cosine Similarity: 0.6579
2025-12-01 12:09:58,997 - INFO -   📊 Name Overlap (Jaccard): 0.3333
2025-12-01 12:09:58,997 - INFO - 
2025-12-01 12:09:58,997 - INFO - Пример 5:
2025-12-01 12:09:58,997 - INFO -   Тип: concept, Категория: validation evidence
2025-12-01 12:09:58,997 - INFO -   Node 1: Semantic clusters across layers shown by activation atlas
2025-12-01 12:09:58,997 - INFO -     ID: lesswrong__6f478c2e4ec1e474ef1f11dc22b37927__node_12
2025-12-01 12:09:58,997 - INFO -     Aliases: ['activation atlas evidence']
2025-12-01 12:09:58,997 - INFO -   Node 2: Interpretability study on ImageNet classifier neuron motifs
2025-12-01 12:09:58,997 - INFO -     ID: youtube__3e005de8ff1811bf485abf89c99c5920__node_38
2025-12-01 12:09:58,997 - INFO -     Aliases: ['activation atlas evidence']
2025-12-01 12:09:58,997 - INFO -   📊 Cosine Similarity: 0.6599
2025-12-01 12:09:58,997 - INFO -   📊 Name Overlap (Jaccard): 0.3333
2025-12-01 12:09:58,997 - INFO - 
2025-12-01 12:09:58,997 - INFO - Пример 6:
2025-12-01 12:09:58,998 - INFO -   Тип: concept, Категория: validation evidence
2025-12-01 12:09:58,998 - INFO -   Node 1: Ablation studies show performance degradation without Sequitur-based routines
2025-12-01 12:09:58,998 - INFO -     ID: arxiv__7321421dc087912a0b094653815460f8__node_18
2025-12-01 12:09:58,998 - INFO -     Aliases: ['ablation evidence']
2025-12-01 12:09:58,998 - INFO -   Node 2: Ablation study showing quality drop without key techniques and instability without layer normalization
2025-12-01 12:09:58,998 - INFO -     ID: arxiv__c7137da9c2062c735cd0d6c724737d46__node_22
2025-12-01 12:09:58,998 - INFO -     Aliases: ['ablation evidence']
2025-12-01 12:09:58,998 - INFO -   📊 Cosine Similarity: 0.6643
2025-12-01 12:09:58,998 - INFO -   📊 Name Overlap (Jaccard): 0.3333
2025-12-01 12:09:58,998 - INFO - 
2025-12-01 12:09:58,998 - INFO - Пример 7:
2025-12-01 12:09:58,998 - INFO -   Тип: concept, Категория: design rationale
2025-12-01 12:09:58,998 - INFO -   Node 1: empirical interpretability evaluation frameworks improve method comparison
2025-12-01 12:09:58,998 - INFO -     ID: alignmentforum__9f0a78ca88a3db3ca93ca17b7ee29352__node_11
2025-12-01 12:09:58,998 - INFO -     Aliases: ['evaluation framework rationale']
2025-12-01 12:09:58,998 - INFO -   Node 2: Implement quantified evaluation framework for longtermist organizations
2025-12-01 12:09:58,998 - INFO -     ID: eaforum__ba3c9ebb5d3209b7ef821bd91efc355d__node_27
2025-12-01 12:09:58,998 - INFO -     Aliases: ['evaluation framework rationale']
2025-12-01 12:09:58,998 - INFO -   📊 Cosine Similarity: 0.6669
2025-12-01 12:09:58,998 - INFO -   📊 Name Overlap (Jaccard): 0.3333
2025-12-01 12:09:58,998 - INFO - 
2025-12-01 12:09:58,998 - INFO - Пример 8:
2025-12-01 12:09:58,998 - INFO -   Тип: concept, Категория: implementation mechanism
2025-12-01 12:09:58,998 - INFO -   Node 1: logical induction algorithm via sentence-trading market
2025-12-01 12:09:58,998 - INFO -     ID: arxiv__4b4b522e96f66de10e71a2058ebb372c__node_21
2025-12-01 12:09:58,998 - INFO -     Aliases: ['logical induction mechanism']
2025-12-01 12:09:58,998 - INFO -   Node 2: Logical induction algorithm implementation
2025-12-01 12:09:58,998 - INFO -     ID: blogs__1abb450ec278633051db466fb7f5301c__node_16
2025-12-01 12:09:58,998 - INFO -     Aliases: ['logical induction mechanism']
2025-12-01 12:09:58,998 - INFO -   📊 Cosine Similarity: 0.6701
2025-12-01 12:09:58,998 - INFO -   📊 Name Overlap (Jaccard): 0.3333
2025-12-01 12:09:58,998 - INFO - 
2025-12-01 12:09:58,998 - INFO - Пример 9:
2025-12-01 12:09:58,998 - INFO -   Тип: concept, Категория: design rationale
2025-12-01 12:09:58,998 - INFO -   Node 1: Iterated oversight approaches scale with continuous capability growth
2025-12-01 12:09:58,998 - INFO -     ID: alignmentforum__7fd2435b747364f1fa3774ac9a1143c0__node_8
2025-12-01 12:09:58,998 - INFO -     Aliases: ['iterated amplification rationale']
2025-12-01 12:09:58,998 - INFO -   Node 2: Amplified human oversight to transfer alignment
2025-12-01 12:09:58,998 - INFO -     ID: youtube__7944d7d42615259cbef7f3b04c6d709c__node_10
2025-12-01 12:09:58,998 - INFO -     Aliases: ['iterated amplification rationale']
2025-12-01 12:09:58,998 - INFO -   📊 Cosine Similarity: 0.6741
2025-12-01 12:09:58,998 - INFO -   📊 Name Overlap (Jaccard): 0.3333
2025-12-01 12:09:58,998 - INFO - 
2025-12-01 12:09:58,998 - INFO - Пример 10:
2025-12-01 12:09:58,998 - INFO -   Тип: concept, Категория: validation evidence
2025-12-01 12:09:58,998 - INFO -   Node 1: Overcooked environment experiments confirming near-optimal coordination with greedy queries
2025-12-01 12:09:58,998 - INFO -     ID: arxiv__92114c45f56ad1fb5cc51d00fc8dcf3b__node_11
2025-12-01 12:09:58,998 - INFO -     Aliases: ['Overcooked validation']
2025-12-01 12:09:58,998 - INFO -   Node 2: Overcooked study shows improved human-agent coordination after human-aware training
2025-12-01 12:09:58,998 - INFO -     ID: special_docs__04133ee561ab29262d550947f79ace32__node_20
2025-12-01 12:09:58,998 - INFO -     Aliases: ['Overcooked validation']
2025-12-01 12:09:58,998 - INFO -   📊 Cosine Similarity: 0.6752
2025-12-01 12:09:58,998 - INFO -   📊 Name Overlap (Jaccard): 0.3333
2025-12-01 12:09:58,998 - INFO - 
2025-12-01 12:09:58,998 - INFO - 
============================================================
2025-12-01 12:09:58,998 - INFO - СТАТИСТИКА ПО МЕТРИКАМ КАНДИДАТОВ:
2025-12-01 12:09:58,998 - INFO - ============================================================
2025-12-01 12:09:58,998 - INFO - Cosine Similarity:
2025-12-01 12:09:58,998 - INFO -   Min: 0.6513
2025-12-01 12:09:58,998 - INFO -   Max: 0.9652
2025-12-01 12:09:58,998 - INFO -   Mean: 0.8376
2025-12-01 12:09:59,000 - INFO -   Median: 0.8507
2025-12-01 12:09:59,000 - INFO - 
Name Overlap (Jaccard):
2025-12-01 12:09:59,000 - INFO -   Min: 0.3333
2025-12-01 12:09:59,000 - INFO -   Max: 0.6667
2025-12-01 12:09:59,000 - INFO -   Mean: 0.4419
2025-12-01 12:09:59,000 - INFO -   Median: 0.5000
2025-12-01 12:09:59,000 - INFO - 
2025-12-01 12:09:59,002 - INFO - 
Всего уникальных кандидатов на мержинг: 416
2025-12-01 12:10:14,128 - INFO - 
Сохранение графа в results/full/exp3_relaxed.pkl...
2025-12-01 12:10:29,376 - INFO - 
============================================================
2025-12-01 12:10:29,376 - INFO - ИТОГОВАЯ СТАТИСТИКА
2025-12-01 12:10:29,376 - INFO - ============================================================
2025-12-01 12:10:29,376 - INFO - 
НОДЫ:
2025-12-01 12:10:29,376 - INFO -   До мержинга:  202,446
2025-12-01 12:10:29,376 - INFO -   После мержинга: 202,108
2025-12-01 12:10:29,376 - INFO -   Удалено: 338 (0.2%)
2025-12-01 12:10:29,376 - INFO - 
РЁБРА:
2025-12-01 12:10:29,376 - INFO -   До мержинга:  202,207
2025-12-01 12:10:29,376 - INFO -   Self-loops удалено: 1
2025-12-01 12:10:29,376 - INFO -   Рёбер объединено: 0
2025-12-01 12:10:29,376 - INFO -   После мержинга: 201,548
2025-12-01 12:10:29,376 - INFO -   Удалено: 659 (0.3%)
2025-12-01 12:10:29,376 - INFO - 
ТИПЫ РЁБЕР (12):
2025-12-01 12:10:29,376 - INFO -   motivates: 40,237
2025-12-01 12:10:29,376 - INFO -   implemented_by: 38,971
2025-12-01 12:10:29,376 - INFO -   validated_by: 35,820
2025-12-01 12:10:29,377 - INFO -   caused_by: 34,516
2025-12-01 12:10:29,377 - INFO -   mitigated_by: 28,163
2025-12-01 12:10:29,377 - INFO -   enabled_by: 10,305
2025-12-01 12:10:29,377 - INFO -   addressed_by: 5,698
2025-12-01 12:10:29,377 - INFO -   refined_by: 4,732
2025-12-01 12:10:29,377 - INFO -   specified_by: 1,599
2025-12-01 12:10:29,377 - INFO -   required_by: 1,220
2025-12-01 12:10:29,377 - INFO -   preceded_by: 220
2025-12-01 12:10:29,377 - INFO -   related_to: 67
2025-12-01 12:10:29,377 - INFO - 
РАСПРЕДЕЛЕНИЕ MERGE_COUNT (ноды):
2025-12-01 12:10:29,377 - INFO -   1 нод(ы) объединено: 201,854 групп
2025-12-01 12:10:29,377 - INFO -   2 нод(ы) объединено: 208 групп
2025-12-01 12:10:29,377 - INFO -   3 нод(ы) объединено: 22 групп
2025-12-01 12:10:29,377 - INFO -   4 нод(ы) объединено: 15 групп
2025-12-01 12:10:29,377 - INFO -   5 нод(ы) объединено: 7 групп
2025-12-01 12:10:29,377 - INFO -   6 нод(ы) объединено: 1 групп
2025-12-01 12:10:29,377 - INFO -   9 нод(ы) объединено: 1 групп
2025-12-01 12:10:29,377 - INFO - 
РАСПРЕДЕЛЕНИЕ MERGE_COUNT (рёбра):
2025-12-01 12:10:29,377 - INFO -   1 рёбер объединено: 201,548 групп
2025-12-01 12:10:29,377 - INFO - 
✅ ЗАВЕРШЕНО
2025-12-01 12:10:29,377 - INFO - Результаты сохранены:
2025-12-01 12:10:29,377 - INFO -   - Граф: results/full/exp3_relaxed.pkl
2025-12-01 12:10:29,377 - INFO -   - Лог: results/full/exp3_relaxed.log
