2025-12-01 12:46:51,011 - INFO - ============================================================
2025-12-01 12:46:51,011 - INFO - STAGE 1: Мержинг и дедупликация графа
2025-12-01 12:46:51,011 - INFO - ============================================================
2025-12-01 12:46:51,011 - INFO - Лог файл: results/full/exp_0.95_0.0.log
2025-12-01 12:46:51,011 - INFO - Входной граф: ../stage0_graph_processing/global_graph_stage0_raw.pkl
2025-12-01 12:46:51,011 - INFO - Выходной граф: results/full/exp_0.95_0.0.pkl
2025-12-01 12:46:51,011 - INFO - 
Загрузка графа из ../stage0_graph_processing/global_graph_stage0_raw.pkl...
2025-12-01 12:47:31,172 - INFO - Загружено: 202,446 нод, 202,207 рёбер
2025-12-01 12:47:31,236 - INFO - 
============================================================
2025-12-01 12:47:31,236 - INFO - Параметры поиска:
2025-12-01 12:47:31,236 - INFO -   COSINE_SIMILARITY_THRESHOLD = 0.95
2025-12-01 12:47:31,237 - INFO -   NAME_OVERLAP_THRESHOLD = 0.0
2025-12-01 12:47:31,237 - INFO - ============================================================

2025-12-01 12:51:51,292 - INFO - 
============================================================
2025-12-01 12:51:51,292 - INFO - ПРИМЕРЫ С МИНИМАЛЬНЫМИ МЕТРИКАМИ (нижняя граница, 10 шт.):
2025-12-01 12:51:51,292 - INFO - ============================================================

2025-12-01 12:51:51,292 - INFO - Пример 1:
2025-12-01 12:51:51,292 - INFO -   Тип: concept, Категория: risk
2025-12-01 12:51:51,292 - INFO -   Node 1: Existential catastrophe from misaligned or uncontrolled AGI
2025-12-01 12:51:51,292 - INFO -     ID: lesswrong__3c4faea65c2b97b1e4be68c509ee4b89__node_0
2025-12-01 12:51:51,293 - INFO -     Aliases: ['AGI x-risk', 'AI existential risk']
2025-12-01 12:51:51,293 - INFO -   Node 2: Existential catastrophe from poorly aligned AGI
2025-12-01 12:51:51,293 - INFO -     ID: lesswrong__4a2bd7c18048b8c74df905b5a05039af__node_0
2025-12-01 12:51:51,293 - INFO -     Aliases: ['AI-induced extinction', 'World destruction by misaligned AGI']
2025-12-01 12:51:51,293 - INFO -   📊 Cosine Similarity: 0.9500
2025-12-01 12:51:51,293 - INFO -   📊 Name Overlap (Jaccard): 0.0000
2025-12-01 12:51:51,293 - INFO - 
2025-12-01 12:51:51,293 - INFO - Пример 2:
2025-12-01 12:51:51,293 - INFO -   Тип: concept, Категория: risk
2025-12-01 12:51:51,293 - INFO -   Node 1: Existential catastrophe from AI alignment failure
2025-12-01 12:51:51,293 - INFO -     ID: alignmentforum__f6320e8e65a8149a902ad5c52cfb87d5__node_0
2025-12-01 12:51:51,293 - INFO -     Aliases: ['AI-induced x-risk from misalignment', 'misaligned AI existential risk']
2025-12-01 12:51:51,293 - INFO -   Node 2: Existential catastrophe from advanced misaligned AI
2025-12-01 12:51:51,293 - INFO -     ID: eaforum__abeda034ebec6ed287fba62c94accd9c__node_0
2025-12-01 12:51:51,293 - INFO -     Aliases: ['AI x-risk', 'Existential hazards from AI']
2025-12-01 12:51:51,293 - INFO -   📊 Cosine Similarity: 0.9500
2025-12-01 12:51:51,293 - INFO -   📊 Name Overlap (Jaccard): 0.0000
2025-12-01 12:51:51,293 - INFO - 
2025-12-01 12:51:51,293 - INFO - Пример 3:
2025-12-01 12:51:51,293 - INFO -   Тип: concept, Категория: risk
2025-12-01 12:51:51,293 - INFO -   Node 1: Existential catastrophe from power-seeking AGI in global context
2025-12-01 12:51:51,293 - INFO -     ID: blogs__394e42ad915365083cf98566d2292736__node_0
2025-12-01 12:51:51,293 - INFO -     Aliases: ['AGI x-risk', 'power-seeking AGI existential risk']
2025-12-01 12:51:51,293 - INFO -   Node 2: Existential catastrophe from power-seeking AGI
2025-12-01 12:51:51,293 - INFO -     ID: lesswrong__c6a62214d6856ee3627fabd6ba00cf7b__node_0
2025-12-01 12:51:51,293 - INFO -     Aliases: ['AGI existential catastrophe', 'power-seeking AI takeover']
2025-12-01 12:51:51,293 - INFO -   📊 Cosine Similarity: 0.9500
2025-12-01 12:51:51,293 - INFO -   📊 Name Overlap (Jaccard): 0.0000
2025-12-01 12:51:51,293 - INFO - 
2025-12-01 12:51:51,294 - INFO - Пример 4:
2025-12-01 12:51:51,294 - INFO -   Тип: concept, Категория: risk
2025-12-01 12:51:51,294 - INFO -   Node 1: Existential catastrophe from transformative AI
2025-12-01 12:51:51,294 - INFO -     ID: agisf__b1efc542955d2b53df869c590fa99f92__node_0
2025-12-01 12:51:51,294 - INFO -     Aliases: ['human extinction from advanced AI', 'x-risk from transformative AI']
2025-12-01 12:51:51,294 - INFO -   Node 2: Existential risks from transformative AI
2025-12-01 12:51:51,294 - INFO -     ID: eaforum__7a28bab357f34a5de73a34c36f6e4f97__node_0
2025-12-01 12:51:51,294 - INFO -     Aliases: ['AI existential catastrophe', 'AI x-risk']
2025-12-01 12:51:51,294 - INFO -   📊 Cosine Similarity: 0.9500
2025-12-01 12:51:51,294 - INFO -   📊 Name Overlap (Jaccard): 0.0000
2025-12-01 12:51:51,294 - INFO - 
2025-12-01 12:51:51,294 - INFO - Пример 5:
2025-12-01 12:51:51,294 - INFO -   Тип: concept, Категория: problem analysis
2025-12-01 12:51:51,294 - INFO -   Node 1: Insufficient AI safety research capacity to address emerging alignment challenges
2025-12-01 12:51:51,294 - INFO -     ID: blogs__5be5a737b979b77cb8b2ac15f0da876c__node_4
2025-12-01 12:51:51,294 - INFO -     Aliases: ['Safety talent shortage', 'Limited alignment researcher pool']
2025-12-01 12:51:51,294 - INFO -   Node 2: Insufficient AI alignment research capacity in AI safety community
2025-12-01 12:51:51,294 - INFO -     ID: lesswrong__645a46881cac339aef2188c302509ee1__node_1
2025-12-01 12:51:51,294 - INFO -     Aliases: ['shortage of alignment researchers', 'alignment talent gap']
2025-12-01 12:51:51,294 - INFO -   📊 Cosine Similarity: 0.9500
2025-12-01 12:51:51,294 - INFO -   📊 Name Overlap (Jaccard): 0.0000
2025-12-01 12:51:51,294 - INFO - 
2025-12-01 12:51:51,294 - INFO - Пример 6:
2025-12-01 12:51:51,294 - INFO -   Тип: concept, Категория: risk
2025-12-01 12:51:51,294 - INFO -   Node 1: Catastrophic misalignment of agentic AGI systems
2025-12-01 12:51:51,294 - INFO -     ID: alignmentforum__ff95a6447a47cd0a596fb053a8ea7b4c__node_0
2025-12-01 12:51:51,294 - INFO -     Aliases: ['existential AI risk', 'AGI catastrophe from misalignment']
2025-12-01 12:51:51,294 - INFO -   Node 2: Catastrophic misalignment of AGI systems
2025-12-01 12:51:51,294 - INFO -     ID: blogs__bd457c2e7c89f49eb948d4ad8a6a00f3__node_0
2025-12-01 12:51:51,294 - INFO -     Aliases: ['existential risk from misaligned AGI', 'loss of human control due to AGI']
2025-12-01 12:51:51,294 - INFO -   📊 Cosine Similarity: 0.9501
2025-12-01 12:51:51,294 - INFO -   📊 Name Overlap (Jaccard): 0.0000
2025-12-01 12:51:51,294 - INFO - 
2025-12-01 12:51:51,295 - INFO - Пример 7:
2025-12-01 12:51:51,295 - INFO -   Тип: concept, Категория: risk
2025-12-01 12:51:51,295 - INFO -   Node 1: Misaligned AGI posing existential threat
2025-12-01 12:51:51,295 - INFO -     ID: eaforum__f70f4c3eca77f7340a5637c576028af0__node_1
2025-12-01 12:51:51,295 - INFO -     Aliases: ['AGI value misalignment', 'Existential AI misalignment risk']
2025-12-01 12:51:51,295 - INFO -   Node 2: Misaligned AGI causing existential harm to humanity
2025-12-01 12:51:51,295 - INFO -     ID: lesswrong__ae36a6bcdfcb045b0131cdd7ea85c369__node_0
2025-12-01 12:51:51,295 - INFO -     Aliases: ['uncontrolled AGI catastrophe', 'existential risk from AGI misalignment']
2025-12-01 12:51:51,295 - INFO -   📊 Cosine Similarity: 0.9501
2025-12-01 12:51:51,295 - INFO -   📊 Name Overlap (Jaccard): 0.0000
2025-12-01 12:51:51,295 - INFO - 
2025-12-01 12:51:51,295 - INFO - Пример 8:
2025-12-01 12:51:51,295 - INFO -   Тип: concept, Категория: risk
2025-12-01 12:51:51,295 - INFO -   Node 1: Catastrophic societal harms from misaligned transformative AI
2025-12-01 12:51:51,295 - INFO -     ID: eaforum__e3fc5ca5112e289d8b4ee4cf7194f5b6__node_0
2025-12-01 12:51:51,295 - INFO -     Aliases: ['catastrophic risks from technology', 'transformative AI catastrophic risk']
2025-12-01 12:51:51,295 - INFO -   Node 2: Catastrophic societal harm from misaligned transformative AI systems
2025-12-01 12:51:51,295 - INFO -     ID: lesswrong__a37fb64eca1f7eebc264f73a1f075af5__node_0
2025-12-01 12:51:51,295 - INFO -     Aliases: ['existential risk from misaligned AGI', 'AI-caused catastrophic societal harm']
2025-12-01 12:51:51,295 - INFO -   📊 Cosine Similarity: 0.9501
2025-12-01 12:51:51,295 - INFO -   📊 Name Overlap (Jaccard): 0.0000
2025-12-01 12:51:51,295 - INFO - 
2025-12-01 12:51:51,295 - INFO - Пример 9:
2025-12-01 12:51:51,295 - INFO -   Тип: concept, Категория: problem analysis
2025-12-01 12:51:51,295 - INFO -   Node 1: Instrumental convergence leading to power-seeking behavior in AI
2025-12-01 12:51:51,295 - INFO -     ID: blogs__bacdc4809e761ec17fd63ba5b65363e7__node_2
2025-12-01 12:51:51,295 - INFO -     Aliases: ['Convergent instrumental goals', 'AI power-seeking tendency']
2025-12-01 12:51:51,295 - INFO -   Node 2: Instrumental convergence inducing power-seeking behavior in AI
2025-12-01 12:51:51,295 - INFO -     ID: lesswrong__f1b309a09c8d1bc2ad4dfeb4a15be46c__node_2
2025-12-01 12:51:51,295 - INFO -     Aliases: ['instrumental goals in AI', 'power acquisition tendencies']
2025-12-01 12:51:51,295 - INFO -   📊 Cosine Similarity: 0.9501
2025-12-01 12:51:51,295 - INFO -   📊 Name Overlap (Jaccard): 0.0000
2025-12-01 12:51:51,296 - INFO - 
2025-12-01 12:51:51,296 - INFO - Пример 10:
2025-12-01 12:51:51,296 - INFO -   Тип: concept, Категория: problem analysis
2025-12-01 12:51:51,296 - INFO -   Node 1: university curricula lacking dedicated AI safety coursework
2025-12-01 12:51:51,296 - INFO -     ID: alignmentforum__9fe2e91dc9f0b7d8f79595116ab50424__node_2
2025-12-01 12:51:51,296 - INFO -     Aliases: ['no multi-week AI safety classes', 'absence of AI safety courses in universities']
2025-12-01 12:51:51,296 - INFO -   Node 2: Lack of dedicated university AI safety curricula
2025-12-01 12:51:51,296 - INFO -     ID: eaforum__542779c00152ac96c3393c4cc8fa295c__node_2
2025-12-01 12:51:51,296 - INFO -     Aliases: ['Missing AI-safety courses at universities']
2025-12-01 12:51:51,296 - INFO -   📊 Cosine Similarity: 0.9502
2025-12-01 12:51:51,296 - INFO -   📊 Name Overlap (Jaccard): 0.0000
2025-12-01 12:51:51,296 - INFO - 
2025-12-01 12:51:51,296 - INFO - 
============================================================
2025-12-01 12:51:51,296 - INFO - СТАТИСТИКА ПО МЕТРИКАМ КАНДИДАТОВ:
2025-12-01 12:51:51,296 - INFO - ============================================================
2025-12-01 12:51:51,296 - INFO - Cosine Similarity:
2025-12-01 12:51:51,296 - INFO -   Min: 0.9500
2025-12-01 12:51:51,296 - INFO -   Max: 1.0000
2025-12-01 12:51:51,296 - INFO -   Mean: 0.9565
2025-12-01 12:51:51,296 - INFO -   Median: 0.9550
2025-12-01 12:51:51,296 - INFO - 
Name Overlap (Jaccard):
2025-12-01 12:51:51,296 - INFO -   Min: 0.0000
2025-12-01 12:51:51,296 - INFO -   Max: 0.5000
2025-12-01 12:51:51,296 - INFO -   Mean: 0.0417
2025-12-01 12:51:51,297 - INFO -   Median: 0.0000
2025-12-01 12:51:51,297 - INFO - 
2025-12-01 12:51:51,299 - INFO - 
Всего уникальных кандидатов на мержинг: 503
2025-12-01 12:52:06,753 - INFO - 
Сохранение графа в results/full/exp_0.95_0.0.pkl...
2025-12-01 12:52:22,027 - INFO - 
============================================================
2025-12-01 12:52:22,027 - INFO - ИТОГОВАЯ СТАТИСТИКА
2025-12-01 12:52:22,027 - INFO - ============================================================
2025-12-01 12:52:22,027 - INFO - 
НОДЫ:
2025-12-01 12:52:22,027 - INFO -   До мержинга:  202,446
2025-12-01 12:52:22,027 - INFO -   После мержинга: 202,027
2025-12-01 12:52:22,027 - INFO -   Удалено: 419 (0.2%)
2025-12-01 12:52:22,027 - INFO - 
РЁБРА:
2025-12-01 12:52:22,027 - INFO -   До мержинга:  202,207
2025-12-01 12:52:22,027 - INFO -   Self-loops удалено: 1
2025-12-01 12:52:22,027 - INFO -   Рёбер объединено: 0
2025-12-01 12:52:22,027 - INFO -   После мержинга: 201,336
2025-12-01 12:52:22,027 - INFO -   Удалено: 871 (0.4%)
2025-12-01 12:52:22,027 - INFO - 
ТИПЫ РЁБЕР (12):
2025-12-01 12:52:22,027 - INFO -   motivates: 40,295
2025-12-01 12:52:22,027 - INFO -   implemented_by: 39,046
2025-12-01 12:52:22,027 - INFO -   validated_by: 35,878
2025-12-01 12:52:22,027 - INFO -   caused_by: 34,034
2025-12-01 12:52:22,027 - INFO -   mitigated_by: 28,221
2025-12-01 12:52:22,027 - INFO -   enabled_by: 10,320
2025-12-01 12:52:22,028 - INFO -   addressed_by: 5,697
2025-12-01 12:52:22,028 - INFO -   refined_by: 4,737
2025-12-01 12:52:22,028 - INFO -   specified_by: 1,597
2025-12-01 12:52:22,028 - INFO -   required_by: 1,225
2025-12-01 12:52:22,028 - INFO -   preceded_by: 219
2025-12-01 12:52:22,028 - INFO -   related_to: 67
2025-12-01 12:52:22,028 - INFO - 
РАСПРЕДЕЛЕНИЕ MERGE_COUNT (ноды):
2025-12-01 12:52:22,028 - INFO -   1 нод(ы) объединено: 201,800 групп
2025-12-01 12:52:22,028 - INFO -   2 нод(ы) объединено: 190 групп
2025-12-01 12:52:22,028 - INFO -   3 нод(ы) объединено: 19 групп
2025-12-01 12:52:22,028 - INFO -   4 нод(ы) объединено: 5 групп
2025-12-01 12:52:22,028 - INFO -   5 нод(ы) объединено: 5 групп
2025-12-01 12:52:22,028 - INFO -   7 нод(ы) объединено: 2 групп
2025-12-01 12:52:22,028 - INFO -   8 нод(ы) объединено: 1 групп
2025-12-01 12:52:22,028 - INFO -   10 нод(ы) объединено: 1 групп
2025-12-01 12:52:22,028 - INFO -   18 нод(ы) объединено: 1 групп
2025-12-01 12:52:22,028 - INFO -   20 нод(ы) объединено: 1 групп
2025-12-01 12:52:22,028 - INFO -   31 нод(ы) объединено: 1 групп
2025-12-01 12:52:22,028 - INFO -   63 нод(ы) объединено: 1 групп
2025-12-01 12:52:22,028 - INFO - 
РАСПРЕДЕЛЕНИЕ MERGE_COUNT (рёбра):
2025-12-01 12:52:22,028 - INFO -   1 рёбер объединено: 201,336 групп
2025-12-01 12:52:22,028 - INFO - 
✅ ЗАВЕРШЕНО
2025-12-01 12:52:22,028 - INFO - Результаты сохранены:
2025-12-01 12:52:22,028 - INFO -   - Граф: results/full/exp_0.95_0.0.pkl
2025-12-01 12:52:22,028 - INFO -   - Лог: results/full/exp_0.95_0.0.log
