2025-12-01 12:13:04,837 - INFO - ============================================================
2025-12-01 12:13:04,837 - INFO - STAGE 1: Мержинг и дедупликация графа
2025-12-01 12:13:04,837 - INFO - ============================================================
2025-12-01 12:13:04,837 - INFO - Лог файл: results/full/exp_no_jaccard.log
2025-12-01 12:13:04,837 - INFO - Входной граф: ../stage0_graph_processing/global_graph_stage0_raw.pkl
2025-12-01 12:13:04,837 - INFO - Выходной граф: results/full/exp_no_jaccard.pkl
2025-12-01 12:13:04,837 - INFO - 
Загрузка графа из ../stage0_graph_processing/global_graph_stage0_raw.pkl...
2025-12-01 12:13:44,171 - INFO - Загружено: 202,446 нод, 202,207 рёбер
2025-12-01 12:13:44,231 - INFO - 
============================================================
2025-12-01 12:13:44,231 - INFO - Параметры поиска:
2025-12-01 12:13:44,231 - INFO -   COSINE_SIMILARITY_THRESHOLD = 0.85
2025-12-01 12:13:44,231 - INFO -   NAME_OVERLAP_THRESHOLD = 0.0
2025-12-01 12:13:44,231 - INFO - ============================================================

2025-12-01 12:18:03,909 - INFO - 
============================================================
2025-12-01 12:18:03,909 - INFO - ПРИМЕРЫ С МИНИМАЛЬНЫМИ МЕТРИКАМИ (нижняя граница, 10 шт.):
2025-12-01 12:18:03,909 - INFO - ============================================================

2025-12-01 12:18:03,910 - INFO - Пример 1:
2025-12-01 12:18:03,910 - INFO -   Тип: concept, Категория: design rationale
2025-12-01 12:18:03,910 - INFO -   Node 1: Penalizing reduction in attainable utilities to avoid side effects
2025-12-01 12:18:03,910 - INFO -     ID: aisafety.info__17c8ab1449772543eefbe61503d767f4__node_10
2025-12-01 12:18:03,910 - INFO -     Aliases: ['AUP design rationale']
2025-12-01 12:18:03,910 - INFO -   Node 2: Penalize actions changing attainable utility (Attainable Utility Preservation)
2025-12-01 12:18:03,910 - INFO -     ID: alignmentforum__94fd347da5398689462086eb1d793c26__node_3
2025-12-01 12:18:03,910 - INFO -     Aliases: ['AUP penalty rationale', 'attainable utility preservation principle']
2025-12-01 12:18:03,910 - INFO -   📊 Cosine Similarity: 0.8500
2025-12-01 12:18:03,910 - INFO -   📊 Name Overlap (Jaccard): 0.0000
2025-12-01 12:18:03,910 - INFO - 
2025-12-01 12:18:03,910 - INFO - Пример 2:
2025-12-01 12:18:03,910 - INFO -   Тип: concept, Категория: risk
2025-12-01 12:18:03,910 - INFO -   Node 1: Uncontrolled superintelligence emergence in global AI development
2025-12-01 12:18:03,910 - INFO -     ID: aisafety.info__e78a62238124b5004f7fd582f8593c08__node_0
2025-12-01 12:18:03,910 - INFO -     Aliases: ['runaway intelligence explosion', 'loss of human control over super-intelligent AI']
2025-12-01 12:18:03,910 - INFO -   Node 2: Uncontrolled AI capability growth without international governance
2025-12-01 12:18:03,910 - INFO -     ID: eaforum__793a6ec7fa96bd4e86be54a35e0a2725__node_0
2025-12-01 12:18:03,910 - INFO -     Aliases: ['runaway AI development lacking global oversight', 'absence of international AI controls']
2025-12-01 12:18:03,910 - INFO -   📊 Cosine Similarity: 0.8500
2025-12-01 12:18:03,910 - INFO -   📊 Name Overlap (Jaccard): 0.0000
2025-12-01 12:18:03,910 - INFO - 
2025-12-01 12:18:03,910 - INFO - Пример 3:
2025-12-01 12:18:03,910 - INFO -   Тип: concept, Категория: risk
2025-12-01 12:18:03,910 - INFO -   Node 1: Uncontrolled harms from advanced AI systems in society
2025-12-01 12:18:03,910 - INFO -     ID: alignmentforum__bb3168f1d1c7b5cef6726ea1000c73ef__node_0
2025-12-01 12:18:03,910 - INFO -     Aliases: ['AI-induced societal harms', 'Misaligned advanced AI impacts']
2025-12-01 12:18:03,910 - INFO -   Node 2: societal harms from unmitigated AI deployment across sectors
2025-12-01 12:18:03,910 - INFO -     ID: lesswrong__e6dda9015ffb2a31e8aa084d0cfe0051__node_2
2025-12-01 12:18:03,911 - INFO -     Aliases: ['broad societal AI risks', 'unaccountable AI deployments']
2025-12-01 12:18:03,911 - INFO -   📊 Cosine Similarity: 0.8500
2025-12-01 12:18:03,911 - INFO -   📊 Name Overlap (Jaccard): 0.0000
2025-12-01 12:18:03,911 - INFO - 
2025-12-01 12:18:03,911 - INFO - Пример 4:
2025-12-01 12:18:03,911 - INFO -   Тип: concept, Категория: problem analysis
2025-12-01 12:18:03,911 - INFO -   Node 1: Insufficient AI alignment research relative to capabilities progress
2025-12-01 12:18:03,911 - INFO -     ID: blogs__8f26852d4ef966f3e23a310c24cb5fdc__node_2
2025-12-01 12:18:03,911 - INFO -     Aliases: ['Alignment-capability gap', 'Lack of alignment progress']
2025-12-01 12:18:03,911 - INFO -   Node 2: AI capability progress outpacing alignment research progress
2025-12-01 12:18:03,911 - INFO -     ID: lesswrong__4cc5bfb6f13ec169c8ef4213a14807c9__node_9
2025-12-01 12:18:03,911 - INFO -     Aliases: ['capability-alignment gap']
2025-12-01 12:18:03,911 - INFO -   📊 Cosine Similarity: 0.8500
2025-12-01 12:18:03,911 - INFO -   📊 Name Overlap (Jaccard): 0.0000
2025-12-01 12:18:03,911 - INFO - 
2025-12-01 12:18:03,911 - INFO - Пример 5:
2025-12-01 12:18:03,911 - INFO -   Тип: intervention, Категория: 1
2025-12-01 12:18:03,911 - INFO -   Node 1: Provide dedicated grants for AI alignment research during model development
2025-12-01 12:18:03,911 - INFO -     ID: special_docs__bbde2faf1b6afa2f93244c150d0ae630__node_24
2025-12-01 12:18:03,911 - INFO -     Aliases: ['scale AI alignment funding', 'alignment R&D grants']
2025-12-01 12:18:03,911 - INFO -   Node 2: fund and conduct AI alignment research during model design phase
2025-12-01 12:18:03,911 - INFO -     ID: youtube__2e5a98aaefe054d77aa4112256672e84__node_12
2025-12-01 12:18:03,911 - INFO -     Aliases: ['allocate resources to alignment R&D', 'alignment-first funding']
2025-12-01 12:18:03,911 - INFO -   📊 Cosine Similarity: 0.8500
2025-12-01 12:18:03,911 - INFO -   📊 Name Overlap (Jaccard): 0.0000
2025-12-01 12:18:03,911 - INFO - 
2025-12-01 12:18:03,911 - INFO - Пример 6:
2025-12-01 12:18:03,911 - INFO -   Тип: intervention, Категория: 3
2025-12-01 12:18:03,911 - INFO -   Node 1: Fine-tune AI models using preference-based reinforcement learning to enforce value alignment
2025-12-01 12:18:03,911 - INFO -     ID: aisafety.info__1d651a67bc3fb2245591b21bdc1d75c1__node_10
2025-12-01 12:18:03,911 - INFO -     Aliases: ['Apply PB-RLHF during fine-tuning', 'Human-feedback fine-tuning for alignment']
2025-12-01 12:18:03,911 - INFO -   Node 2: Fine-tune models with preference learning to align values and minimize manipulation
2025-12-01 12:18:03,912 - INFO -     ID: alignmentforum__9ae50854b49140c250f63f12d2cce8a2__node_17
2025-12-01 12:18:03,912 - INFO -     Aliases: ['Preference-learning fine-tuning intervention', 'Alignment fine-tuning step']
2025-12-01 12:18:03,912 - INFO -   📊 Cosine Similarity: 0.8500
2025-12-01 12:18:03,912 - INFO -   📊 Name Overlap (Jaccard): 0.0000
2025-12-01 12:18:03,912 - INFO - 
2025-12-01 12:18:03,912 - INFO - Пример 7:
2025-12-01 12:18:03,912 - INFO -   Тип: concept, Категория: problem analysis
2025-12-01 12:18:03,912 - INFO -   Node 1: Absence of harmonized international AI governance frameworks
2025-12-01 12:18:03,912 - INFO -     ID: eaforum__4a126e14afc584b1dd2adb3663fc641a__node_3
2025-12-01 12:18:03,912 - INFO -     Aliases: ['Lack of cross-border AI regulation', 'Fragmented AI governance']
2025-12-01 12:18:03,912 - INFO -   Node 2: Lack of effective AI governance mechanisms across nations
2025-12-01 12:18:03,912 - INFO -     ID: special_docs__93da446db7c275f97675f2b87342e79a__node_5
2025-12-01 12:18:03,912 - INFO -     Aliases: ['global AI governance gap', 'weak international AI regulation']
2025-12-01 12:18:03,912 - INFO -   📊 Cosine Similarity: 0.8500
2025-12-01 12:18:03,912 - INFO -   📊 Name Overlap (Jaccard): 0.0000
2025-12-01 12:18:03,912 - INFO - 
2025-12-01 12:18:03,912 - INFO - Пример 8:
2025-12-01 12:18:03,912 - INFO -   Тип: concept, Категория: risk
2025-12-01 12:18:03,912 - INFO -   Node 1: Opaque decision pathways in deep neural networks during deployment
2025-12-01 12:18:03,912 - INFO -     ID: distill__a9b7e7bb1fec0c4f12d41c98bbe64c2f__node_0
2025-12-01 12:18:03,912 - INFO -     Aliases: ['model opacity risk', 'lack of interpretability in deployed models']
2025-12-01 12:18:03,912 - INFO -   Node 2: Opaque decision-making in AI systems reducing trust and oversight
2025-12-01 12:18:03,912 - INFO -     ID: lesswrong__15a3a71d333383974312fb6481d220fb__node_7
2025-12-01 12:18:03,912 - INFO -     Aliases: ['black-box AI opacity', 'lack of transparency risk']
2025-12-01 12:18:03,912 - INFO -   📊 Cosine Similarity: 0.8500
2025-12-01 12:18:03,912 - INFO -   📊 Name Overlap (Jaccard): 0.0000
2025-12-01 12:18:03,912 - INFO - 
2025-12-01 12:18:03,912 - INFO - Пример 9:
2025-12-01 12:18:03,912 - INFO -   Тип: concept, Категория: risk
2025-12-01 12:18:03,912 - INFO -   Node 1: Deceptive alignment in advanced machine learning systems
2025-12-01 12:18:03,912 - INFO -     ID: alignmentforum__178cdcd70764853d9631a45439a955c0__node_1
2025-12-01 12:18:03,912 - INFO -     Aliases: ['mesa-optimizer deception', 'treacherous turn scenario']
2025-12-01 12:18:03,912 - INFO -   Node 2: deceptive alignment in powerful AI models
2025-12-01 12:18:03,913 - INFO -     ID: alignmentforum__e183720d08c50e7c99d9d8401576f0cd__node_0
2025-12-01 12:18:03,913 - INFO -     Aliases: ['emergent deception in AI', 'deceptively aligned models']
2025-12-01 12:18:03,913 - INFO -   📊 Cosine Similarity: 0.8500
2025-12-01 12:18:03,913 - INFO -   📊 Name Overlap (Jaccard): 0.0000
2025-12-01 12:18:03,913 - INFO - 
2025-12-01 12:18:03,913 - INFO - Пример 10:
2025-12-01 12:18:03,913 - INFO -   Тип: concept, Категория: risk
2025-12-01 12:18:03,913 - INFO -   Node 1: Social value misalignment in AI deployment contexts
2025-12-01 12:18:03,913 - INFO -     ID: arxiv__298fbf613d129c48d8a8df4c01e59e3d__node_5
2025-12-01 12:18:03,913 - INFO -     Aliases: ['Societal misalignment', 'AI fairness failures']
2025-12-01 12:18:03,913 - INFO -   Node 2: Advanced AI misalignment with human values in real-world deployment
2025-12-01 12:18:03,913 - INFO -     ID: lesswrong__e1fc979d085e63f0fd6fdcdf2ec501f1__node_0
2025-12-01 12:18:03,913 - INFO -     Aliases: ['AI misalignment risk', 'value misalignment in deployed AI']
2025-12-01 12:18:03,913 - INFO -   📊 Cosine Similarity: 0.8500
2025-12-01 12:18:03,913 - INFO -   📊 Name Overlap (Jaccard): 0.0000
2025-12-01 12:18:03,913 - INFO - 
2025-12-01 12:18:03,922 - INFO - 
============================================================
2025-12-01 12:18:03,922 - INFO - СТАТИСТИКА ПО МЕТРИКАМ КАНДИДАТОВ:
2025-12-01 12:18:03,922 - INFO - ============================================================
2025-12-01 12:18:03,922 - INFO - Cosine Similarity:
2025-12-01 12:18:03,923 - INFO -   Min: 0.8500
2025-12-01 12:18:03,926 - INFO -   Max: 1.0000
2025-12-01 12:18:03,930 - INFO -   Mean: 0.8818
2025-12-01 12:18:03,935 - INFO -   Median: 0.8765
2025-12-01 12:18:03,935 - INFO - 
Name Overlap (Jaccard):
2025-12-01 12:18:03,936 - INFO -   Min: 0.0000
2025-12-01 12:18:03,938 - INFO -   Max: 0.5000
2025-12-01 12:18:03,943 - INFO -   Mean: 0.0144
2025-12-01 12:18:03,947 - INFO -   Median: 0.0000
2025-12-01 12:18:03,947 - INFO - 
2025-12-01 12:18:03,952 - INFO - 
Всего уникальных кандидатов на мержинг: 105390
2025-12-01 12:18:18,992 - INFO - 
Сохранение графа в results/full/exp_no_jaccard.pkl...
2025-12-01 12:18:31,101 - INFO - 
============================================================
2025-12-01 12:18:31,101 - INFO - ИТОГОВАЯ СТАТИСТИКА
2025-12-01 12:18:31,101 - INFO - ============================================================
2025-12-01 12:18:31,101 - INFO - 
НОДЫ:
2025-12-01 12:18:31,101 - INFO -   До мержинга:  202,446
2025-12-01 12:18:31,101 - INFO -   После мержинга: 178,390
2025-12-01 12:18:31,101 - INFO -   Удалено: 24,056 (11.9%)
2025-12-01 12:18:31,101 - INFO - 
РЁБРА:
2025-12-01 12:18:31,101 - INFO -   До мержинга:  202,207
2025-12-01 12:18:31,101 - INFO -   Self-loops удалено: 1
2025-12-01 12:18:31,101 - INFO -   Рёбер объединено: 0
2025-12-01 12:18:31,101 - INFO -   После мержинга: 162,860
2025-12-01 12:18:31,101 - INFO -   Удалено: 39,347 (19.5%)
2025-12-01 12:18:31,101 - INFO - 
ТИПЫ РЁБЕР (12):
2025-12-01 12:18:31,101 - INFO -   motivates: 35,322
2025-12-01 12:18:31,101 - INFO -   implemented_by: 33,953
2025-12-01 12:18:31,101 - INFO -   validated_by: 31,550
2025-12-01 12:18:31,101 - INFO -   mitigated_by: 22,882
2025-12-01 12:18:31,101 - INFO -   caused_by: 18,858
2025-12-01 12:18:31,101 - INFO -   enabled_by: 9,034
2025-12-01 12:18:31,101 - INFO -   addressed_by: 4,492
2025-12-01 12:18:31,101 - INFO -   refined_by: 4,162
2025-12-01 12:18:31,101 - INFO -   specified_by: 1,333
2025-12-01 12:18:31,101 - INFO -   required_by: 1,039
2025-12-01 12:18:31,101 - INFO -   preceded_by: 184
2025-12-01 12:18:31,101 - INFO -   related_to: 51
2025-12-01 12:18:31,101 - INFO - 
РАСПРЕДЕЛЕНИЕ MERGE_COUNT (ноды):
2025-12-01 12:18:31,101 - INFO -   1 нод(ы) объединено: 172,820 групп
2025-12-01 12:18:31,101 - INFO -   2 нод(ы) объединено: 3,929 групп
2025-12-01 12:18:31,101 - INFO -   3 нод(ы) объединено: 764 групп
2025-12-01 12:18:31,101 - INFO -   4 нод(ы) объединено: 301 групп
2025-12-01 12:18:31,101 - INFO -   5 нод(ы) объединено: 146 групп
2025-12-01 12:18:31,101 - INFO -   6 нод(ы) объединено: 85 групп
2025-12-01 12:18:31,101 - INFO -   7 нод(ы) объединено: 55 групп
2025-12-01 12:18:31,101 - INFO -   8 нод(ы) объединено: 43 групп
2025-12-01 12:18:31,101 - INFO -   9 нод(ы) объединено: 37 групп
2025-12-01 12:18:31,101 - INFO -   10 нод(ы) объединено: 23 групп
2025-12-01 12:18:31,101 - INFO -   11 нод(ы) объединено: 10 групп
2025-12-01 12:18:31,101 - INFO -   12 нод(ы) объединено: 13 групп
2025-12-01 12:18:31,101 - INFO -   13 нод(ы) объединено: 21 групп
2025-12-01 12:18:31,101 - INFO -   14 нод(ы) объединено: 9 групп
2025-12-01 12:18:31,101 - INFO -   15 нод(ы) объединено: 4 групп
2025-12-01 12:18:31,101 - INFO -   16 нод(ы) объединено: 8 групп
2025-12-01 12:18:31,101 - INFO -   17 нод(ы) объединено: 7 групп
2025-12-01 12:18:31,101 - INFO -   18 нод(ы) объединено: 10 групп
2025-12-01 12:18:31,101 - INFO -   19 нод(ы) объединено: 9 групп
2025-12-01 12:18:31,101 - INFO -   20 нод(ы) объединено: 6 групп
2025-12-01 12:18:31,101 - INFO -   21 нод(ы) объединено: 3 групп
2025-12-01 12:18:31,101 - INFO -   22 нод(ы) объединено: 5 групп
2025-12-01 12:18:31,101 - INFO -   23 нод(ы) объединено: 2 групп
2025-12-01 12:18:31,101 - INFO -   24 нод(ы) объединено: 1 групп
2025-12-01 12:18:31,101 - INFO -   25 нод(ы) объединено: 3 групп
2025-12-01 12:18:31,102 - INFO -   26 нод(ы) объединено: 3 групп
2025-12-01 12:18:31,102 - INFO -   27 нод(ы) объединено: 3 групп
2025-12-01 12:18:31,102 - INFO -   28 нод(ы) объединено: 4 групп
2025-12-01 12:18:31,102 - INFO -   29 нод(ы) объединено: 5 групп
2025-12-01 12:18:31,102 - INFO -   30 нод(ы) объединено: 1 групп
2025-12-01 12:18:31,102 - INFO -   31 нод(ы) объединено: 2 групп
2025-12-01 12:18:31,102 - INFO -   32 нод(ы) объединено: 4 групп
2025-12-01 12:18:31,102 - INFO -   33 нод(ы) объединено: 3 групп
2025-12-01 12:18:31,102 - INFO -   34 нод(ы) объединено: 2 групп
2025-12-01 12:18:31,102 - INFO -   37 нод(ы) объединено: 1 групп
2025-12-01 12:18:31,102 - INFO -   38 нод(ы) объединено: 3 групп
2025-12-01 12:18:31,102 - INFO -   39 нод(ы) объединено: 1 групп
2025-12-01 12:18:31,102 - INFO -   40 нод(ы) объединено: 1 групп
2025-12-01 12:18:31,102 - INFO -   41 нод(ы) объединено: 1 групп
2025-12-01 12:18:31,102 - INFO -   42 нод(ы) объединено: 2 групп
2025-12-01 12:18:31,102 - INFO -   43 нод(ы) объединено: 1 групп
2025-12-01 12:18:31,102 - INFO -   45 нод(ы) объединено: 1 групп
2025-12-01 12:18:31,102 - INFO -   46 нод(ы) объединено: 2 групп
2025-12-01 12:18:31,102 - INFO -   47 нод(ы) объединено: 1 групп
2025-12-01 12:18:31,102 - INFO -   48 нод(ы) объединено: 1 групп
2025-12-01 12:18:31,102 - INFO -   51 нод(ы) объединено: 1 групп
2025-12-01 12:18:31,102 - INFO -   52 нод(ы) объединено: 2 групп
2025-12-01 12:18:31,102 - INFO -   55 нод(ы) объединено: 2 групп
2025-12-01 12:18:31,102 - INFO -   56 нод(ы) объединено: 1 групп
2025-12-01 12:18:31,102 - INFO -   57 нод(ы) объединено: 2 групп
2025-12-01 12:18:31,102 - INFO -   59 нод(ы) объединено: 1 групп
2025-12-01 12:18:31,102 - INFO -   65 нод(ы) объединено: 1 групп
2025-12-01 12:18:31,102 - INFO -   68 нод(ы) объединено: 1 групп
2025-12-01 12:18:31,102 - INFO -   82 нод(ы) объединено: 1 групп
2025-12-01 12:18:31,102 - INFO -   83 нод(ы) объединено: 1 групп
2025-12-01 12:18:31,102 - INFO -   86 нод(ы) объединено: 1 групп
2025-12-01 12:18:31,102 - INFO -   88 нод(ы) объединено: 1 групп
2025-12-01 12:18:31,102 - INFO -   91 нод(ы) объединено: 1 групп
2025-12-01 12:18:31,102 - INFO -   95 нод(ы) объединено: 1 групп
2025-12-01 12:18:31,102 - INFO -   101 нод(ы) объединено: 1 групп
2025-12-01 12:18:31,102 - INFO -   106 нод(ы) объединено: 1 групп
2025-12-01 12:18:31,102 - INFO -   113 нод(ы) объединено: 1 групп
2025-12-01 12:18:31,102 - INFO -   115 нод(ы) объединено: 2 групп
2025-12-01 12:18:31,102 - INFO -   116 нод(ы) объединено: 2 групп
2025-12-01 12:18:31,102 - INFO -   119 нод(ы) объединено: 1 групп
2025-12-01 12:18:31,102 - INFO -   153 нод(ы) объединено: 1 групп
2025-12-01 12:18:31,102 - INFO -   202 нод(ы) объединено: 1 групп
2025-12-01 12:18:31,102 - INFO -   209 нод(ы) объединено: 1 групп
2025-12-01 12:18:31,102 - INFO -   244 нод(ы) объединено: 1 групп
2025-12-01 12:18:31,102 - INFO -   249 нод(ы) объединено: 1 групп
2025-12-01 12:18:31,102 - INFO -   275 нод(ы) объединено: 1 групп
2025-12-01 12:18:31,102 - INFO -   402 нод(ы) объединено: 1 групп
2025-12-01 12:18:31,102 - INFO -   2148 нод(ы) объединено: 1 групп
2025-12-01 12:18:31,102 - INFO -   6611 нод(ы) объединено: 1 групп
2025-12-01 12:18:31,102 - INFO - 
РАСПРЕДЕЛЕНИЕ MERGE_COUNT (рёбра):
2025-12-01 12:18:31,102 - INFO -   1 рёбер объединено: 162,860 групп
2025-12-01 12:18:31,102 - INFO - 
✅ ЗАВЕРШЕНО
2025-12-01 12:18:31,102 - INFO - Результаты сохранены:
2025-12-01 12:18:31,102 - INFO -   - Граф: results/full/exp_no_jaccard.pkl
2025-12-01 12:18:31,102 - INFO -   - Лог: results/full/exp_no_jaccard.log
