2025-12-01 13:07:20,835 - INFO - ============================================================
2025-12-01 13:07:20,836 - INFO - STAGE 1: Мержинг и дедупликация графа
2025-12-01 13:07:20,836 - INFO - ============================================================
2025-12-01 13:07:20,836 - INFO - Лог файл: results/full/exp_0.88_0.05_v2.log
2025-12-01 13:07:20,836 - INFO - Входной граф: ../stage0_graph_processing/global_graph_stage0_raw.pkl
2025-12-01 13:07:20,836 - INFO - Выходной граф: results/full/exp_0.88_0.05_v2.pkl
2025-12-01 13:07:20,836 - INFO - 
Загрузка графа из ../stage0_graph_processing/global_graph_stage0_raw.pkl...
2025-12-01 13:07:59,846 - INFO - Загружено: 202,446 нод, 202,207 рёбер
2025-12-01 13:07:59,905 - INFO - 
============================================================
2025-12-01 13:07:59,905 - INFO - Параметры поиска:
2025-12-01 13:07:59,905 - INFO -   COSINE_SIMILARITY_THRESHOLD = 0.88
2025-12-01 13:07:59,905 - INFO -   NAME_OVERLAP_THRESHOLD = 0.05
2025-12-01 13:07:59,905 - INFO - ============================================================

2025-12-01 13:12:52,784 - INFO - 
============================================================
2025-12-01 13:12:52,784 - INFO - ПРИМЕРЫ С МИНИМАЛЬНЫМИ МЕТРИКАМИ (нижняя граница, 10 шт.):
2025-12-01 13:12:52,784 - INFO - ============================================================

2025-12-01 13:12:52,784 - INFO - Пример 1:
2025-12-01 13:12:52,784 - INFO -   Тип: concept, Категория: implementation mechanism
2025-12-01 13:12:52,784 - INFO -   Node 1: US semiconductor export controls limiting advanced GPU access in China
2025-12-01 13:12:52,784 - INFO -     ID: eaforum__161a57cd558b6341fe1ace74339d657a__node_6
2025-12-01 13:12:52,784 - INFO -     Aliases: ['advanced GPU export ban', 'compute restriction mechanism', 'chip export control implementation']
2025-12-01 13:12:52,785 - INFO -   Node 2: AI chip export control regulations (e.g., US 2022 China ban)
2025-12-01 13:12:52,785 - INFO -     ID: eaforum__90d97b6bdcdf9c063afa3fac44a9dcad__node_14
2025-12-01 13:12:52,785 - INFO -     Aliases: ['Advanced GPU export ban', 'US-China chip controls']
2025-12-01 13:12:52,785 - INFO -   📊 Cosine Similarity: 0.8804
2025-12-01 13:12:52,785 - INFO -   📊 Name Overlap (Jaccard): 0.1667
2025-12-01 13:12:52,785 - INFO - 
2025-12-01 13:12:52,785 - INFO - Пример 2:
2025-12-01 13:12:52,785 - INFO -   Тип: concept, Категория: risk
2025-12-01 13:12:52,785 - INFO -   Node 1: Misalignment of AI objectives with human values in autonomous systems
2025-12-01 13:12:52,785 - INFO -     ID: alignmentforum__c8058e9d457720f46b298f676dd97155__node_0
2025-12-01 13:12:52,785 - INFO -     Aliases: ['value misalignment', 'AI objective misalignment', 'reward misalignment risk']
2025-12-01 13:12:52,785 - INFO -   Node 2: objective misalignment in smarter-than-human AI systems
2025-12-01 13:12:52,785 - INFO -     ID: eaforum__f676fc2a61e89343bc43565c8e46bfc5__node_0
2025-12-01 13:12:52,785 - INFO -     Aliases: ['goal misalignment', 'value misalignment']
2025-12-01 13:12:52,785 - INFO -   📊 Cosine Similarity: 0.8824
2025-12-01 13:12:52,785 - INFO -   📊 Name Overlap (Jaccard): 0.1667
2025-12-01 13:12:52,785 - INFO - 
2025-12-01 13:12:52,785 - INFO - Пример 3:
2025-12-01 13:12:52,785 - INFO -   Тип: concept, Категория: risk
2025-12-01 13:12:52,785 - INFO -   Node 1: Existentially risky AI in global technological landscape
2025-12-01 13:12:52,785 - INFO -     ID: blogs__157051c6291f4ace5de39887435522b4__node_0
2025-12-01 13:12:52,785 - INFO -     Aliases: ['AI existential risk', 'XAI', 'dangerous superintelligent AI']
2025-12-01 13:12:52,785 - INFO -   Node 2: Existential catastrophe from advanced AI systems in global context
2025-12-01 13:12:52,785 - INFO -     ID: eaforum__5f4a7bb0ecc38ce59ac6b42248e408d5__node_0
2025-12-01 13:12:52,785 - INFO -     Aliases: ['AI existential risk', 'Catastrophic AI failure']
2025-12-01 13:12:52,785 - INFO -   📊 Cosine Similarity: 0.8833
2025-12-01 13:12:52,785 - INFO -   📊 Name Overlap (Jaccard): 0.1667
2025-12-01 13:12:52,785 - INFO - 
2025-12-01 13:12:52,785 - INFO - Пример 4:
2025-12-01 13:12:52,785 - INFO -   Тип: concept, Категория: risk
2025-12-01 13:12:52,785 - INFO -   Node 1: Existentially risky AI in global technological landscape
2025-12-01 13:12:52,786 - INFO -     ID: blogs__157051c6291f4ace5de39887435522b4__node_0
2025-12-01 13:12:52,786 - INFO -     Aliases: ['AI existential risk', 'XAI', 'dangerous superintelligent AI']
2025-12-01 13:12:52,786 - INFO -   Node 2: Existential catastrophe from advanced AI systems in society
2025-12-01 13:12:52,786 - INFO -     ID: eaforum__468e82cde6d7f41eed5a83d6448cd4f7__node_0
2025-12-01 13:12:52,786 - INFO -     Aliases: ['AI existential risk', 'catastrophic AI outcomes']
2025-12-01 13:12:52,786 - INFO -   📊 Cosine Similarity: 0.8842
2025-12-01 13:12:52,786 - INFO -   📊 Name Overlap (Jaccard): 0.1667
2025-12-01 13:12:52,786 - INFO - 
2025-12-01 13:12:52,786 - INFO - Пример 5:
2025-12-01 13:12:52,786 - INFO -   Тип: concept, Категория: risk
2025-12-01 13:12:52,786 - INFO -   Node 1: Existentially risky AI in global technological landscape
2025-12-01 13:12:52,786 - INFO -     ID: blogs__157051c6291f4ace5de39887435522b4__node_0
2025-12-01 13:12:52,786 - INFO -     Aliases: ['AI existential risk', 'XAI', 'dangerous superintelligent AI']
2025-12-01 13:12:52,786 - INFO -   Node 2: existential catastrophe from misaligned AI in global context
2025-12-01 13:12:52,786 - INFO -     ID: lesswrong__1b0d8a0fd20ebeaedee127c150aabee7__node_0
2025-12-01 13:12:52,786 - INFO -     Aliases: ['AI existential risk', 'AI-caused extinction']
2025-12-01 13:12:52,786 - INFO -   📊 Cosine Similarity: 0.8857
2025-12-01 13:12:52,786 - INFO -   📊 Name Overlap (Jaccard): 0.1667
2025-12-01 13:12:52,786 - INFO - 
2025-12-01 13:12:52,786 - INFO - Пример 6:
2025-12-01 13:12:52,786 - INFO -   Тип: concept, Категория: risk
2025-12-01 13:12:52,786 - INFO -   Node 1: Existentially risky AI in global technological landscape
2025-12-01 13:12:52,786 - INFO -     ID: blogs__157051c6291f4ace5de39887435522b4__node_0
2025-12-01 13:12:52,786 - INFO -     Aliases: ['AI existential risk', 'XAI', 'dangerous superintelligent AI']
2025-12-01 13:12:52,786 - INFO -   Node 2: Existential threat from advanced AI systems
2025-12-01 13:12:52,786 - INFO -     ID: blogs__8dccc7112b47fe8743eaadb99a77db25__node_0
2025-12-01 13:12:52,786 - INFO -     Aliases: ['AI existential risk', 'Catastrophic AI takeover']
2025-12-01 13:12:52,786 - INFO -   📊 Cosine Similarity: 0.8880
2025-12-01 13:12:52,786 - INFO -   📊 Name Overlap (Jaccard): 0.1667
2025-12-01 13:12:52,786 - INFO - 
2025-12-01 13:12:52,786 - INFO - Пример 7:
2025-12-01 13:12:52,786 - INFO -   Тип: concept, Категория: risk
2025-12-01 13:12:52,786 - INFO -   Node 1: Existentially risky AI in global technological landscape
2025-12-01 13:12:52,786 - INFO -     ID: blogs__157051c6291f4ace5de39887435522b4__node_0
2025-12-01 13:12:52,787 - INFO -     Aliases: ['AI existential risk', 'XAI', 'dangerous superintelligent AI']
2025-12-01 13:12:52,787 - INFO -   Node 2: Existential catastrophe from unchecked superintelligent AI
2025-12-01 13:12:52,787 - INFO -     ID: lesswrong__6af97d170c5305c045753b218e7dc4d8__node_0
2025-12-01 13:12:52,787 - INFO -     Aliases: ['AI-induced extinction risk', 'AI existential risk']
2025-12-01 13:12:52,787 - INFO -   📊 Cosine Similarity: 0.8883
2025-12-01 13:12:52,787 - INFO -   📊 Name Overlap (Jaccard): 0.1667
2025-12-01 13:12:52,787 - INFO - 
2025-12-01 13:12:52,787 - INFO - Пример 8:
2025-12-01 13:12:52,787 - INFO -   Тип: concept, Категория: risk
2025-12-01 13:12:52,787 - INFO -   Node 1: Existentially risky AI in global technological landscape
2025-12-01 13:12:52,787 - INFO -     ID: blogs__157051c6291f4ace5de39887435522b4__node_0
2025-12-01 13:12:52,787 - INFO -     Aliases: ['AI existential risk', 'XAI', 'dangerous superintelligent AI']
2025-12-01 13:12:52,787 - INFO -   Node 2: Existential risk to humanity from advanced AI systems
2025-12-01 13:12:52,787 - INFO -     ID: blogs__adc8fba2352ba39fe15e7caeba1a6af8__node_0
2025-12-01 13:12:52,787 - INFO -     Aliases: ['AI existential risk', 'Catastrophic failure from advanced AI']
2025-12-01 13:12:52,787 - INFO -   📊 Cosine Similarity: 0.8888
2025-12-01 13:12:52,787 - INFO -   📊 Name Overlap (Jaccard): 0.1667
2025-12-01 13:12:52,787 - INFO - 
2025-12-01 13:12:52,787 - INFO - Пример 9:
2025-12-01 13:12:52,787 - INFO -   Тип: concept, Категория: risk
2025-12-01 13:12:52,787 - INFO -   Node 1: Existentially risky AI in global technological landscape
2025-12-01 13:12:52,787 - INFO -     ID: blogs__157051c6291f4ace5de39887435522b4__node_0
2025-12-01 13:12:52,787 - INFO -     Aliases: ['AI existential risk', 'XAI', 'dangerous superintelligent AI']
2025-12-01 13:12:52,787 - INFO -   Node 2: Existential catastrophe from uncontrolled transformative AI
2025-12-01 13:12:52,787 - INFO -     ID: lesswrong__4a20e01a2b8348ae3080c232da6c2a0c__node_0
2025-12-01 13:12:52,787 - INFO -     Aliases: ['AI existential risk', 'AI x-risk']
2025-12-01 13:12:52,787 - INFO -   📊 Cosine Similarity: 0.8906
2025-12-01 13:12:52,787 - INFO -   📊 Name Overlap (Jaccard): 0.1667
2025-12-01 13:12:52,787 - INFO - 
2025-12-01 13:12:52,787 - INFO - Пример 10:
2025-12-01 13:12:52,787 - INFO -   Тип: concept, Категория: risk
2025-12-01 13:12:52,787 - INFO -   Node 1: Existentially risky AI in global technological landscape
2025-12-01 13:12:52,787 - INFO -     ID: blogs__157051c6291f4ace5de39887435522b4__node_0
2025-12-01 13:12:52,787 - INFO -     Aliases: ['AI existential risk', 'XAI', 'dangerous superintelligent AI']
2025-12-01 13:12:52,787 - INFO -   Node 2: existential catastrophe from advanced AI in global context
2025-12-01 13:12:52,788 - INFO -     ID: eaforum__8999f4c9d74021be6d327f7cddbccd76__node_0
2025-12-01 13:12:52,788 - INFO -     Aliases: ['AI extinction risk', 'AI existential risk']
2025-12-01 13:12:52,788 - INFO -   📊 Cosine Similarity: 0.8932
2025-12-01 13:12:52,788 - INFO -   📊 Name Overlap (Jaccard): 0.1667
2025-12-01 13:12:52,788 - INFO - 
2025-12-01 13:12:52,788 - INFO - 
============================================================
2025-12-01 13:12:52,788 - INFO - СТАТИСТИКА ПО МЕТРИКАМ КАНДИДАТОВ:
2025-12-01 13:12:52,788 - INFO - ============================================================
2025-12-01 13:12:52,788 - INFO - Cosine Similarity:
2025-12-01 13:12:52,788 - INFO -   Min: 0.8800
2025-12-01 13:12:52,788 - INFO -   Max: 0.9777
2025-12-01 13:12:52,789 - INFO -   Mean: 0.9078
2025-12-01 13:12:52,789 - INFO -   Median: 0.9054
2025-12-01 13:12:52,789 - INFO - 
Name Overlap (Jaccard):
2025-12-01 13:12:52,789 - INFO -   Min: 0.1667
2025-12-01 13:12:52,789 - INFO -   Max: 0.5000
2025-12-01 13:12:52,789 - INFO -   Mean: 0.2105
2025-12-01 13:12:52,790 - INFO -   Median: 0.2000
2025-12-01 13:12:52,790 - INFO - 
2025-12-01 13:12:52,815 - INFO - 
Всего уникальных кандидатов на мержинг: 4411
2025-12-01 13:13:08,069 - INFO - 
Сохранение графа в results/full/exp_0.88_0.05_v2.pkl...
2025-12-01 13:13:23,336 - INFO - 
============================================================
2025-12-01 13:13:23,336 - INFO - ИТОГОВАЯ СТАТИСТИКА
2025-12-01 13:13:23,336 - INFO - ============================================================
2025-12-01 13:13:23,336 - INFO - 
НОДЫ:
2025-12-01 13:13:23,336 - INFO -   До мержинга:  202,446
2025-12-01 13:13:23,336 - INFO -   После мержинга: 200,061
2025-12-01 13:13:23,336 - INFO -   Удалено: 2,385 (1.2%)
2025-12-01 13:13:23,336 - INFO - 
РЁБРА:
2025-12-01 13:13:23,336 - INFO -   До мержинга:  202,207
2025-12-01 13:13:23,336 - INFO -   Self-loops удалено: 1
2025-12-01 13:13:23,336 - INFO -   Рёбер объединено: 0
2025-12-01 13:13:23,336 - INFO -   После мержинга: 197,542
2025-12-01 13:13:23,336 - INFO -   Удалено: 4,665 (2.3%)
2025-12-01 13:13:23,336 - INFO - 
ТИПЫ РЁБЕР (12):
2025-12-01 13:13:23,336 - INFO -   motivates: 40,014
2025-12-01 13:13:23,336 - INFO -   implemented_by: 38,785
2025-12-01 13:13:23,336 - INFO -   validated_by: 35,659
2025-12-01 13:13:23,336 - INFO -   caused_by: 31,759
2025-12-01 13:13:23,336 - INFO -   mitigated_by: 27,760
2025-12-01 13:13:23,336 - INFO -   enabled_by: 10,245
2025-12-01 13:13:23,337 - INFO -   addressed_by: 5,577
2025-12-01 13:13:23,337 - INFO -   refined_by: 4,681
2025-12-01 13:13:23,337 - INFO -   specified_by: 1,575
2025-12-01 13:13:23,337 - INFO -   required_by: 1,206
2025-12-01 13:13:23,337 - INFO -   preceded_by: 216
2025-12-01 13:13:23,337 - INFO -   related_to: 65
2025-12-01 13:13:23,337 - INFO - 
РАСПРЕДЕЛЕНИЕ MERGE_COUNT (ноды):
2025-12-01 13:13:23,337 - INFO -   1 нод(ы) объединено: 199,223 групп
2025-12-01 13:13:23,337 - INFO -   2 нод(ы) объединено: 631 групп
2025-12-01 13:13:23,337 - INFO -   3 нод(ы) объединено: 90 групп
2025-12-01 13:13:23,337 - INFO -   4 нод(ы) объединено: 47 групп
2025-12-01 13:13:23,337 - INFO -   5 нод(ы) объединено: 17 групп
2025-12-01 13:13:23,337 - INFO -   6 нод(ы) объединено: 10 групп
2025-12-01 13:13:23,337 - INFO -   7 нод(ы) объединено: 7 групп
2025-12-01 13:13:23,337 - INFO -   8 нод(ы) объединено: 6 групп
2025-12-01 13:13:23,337 - INFO -   9 нод(ы) объединено: 1 групп
2025-12-01 13:13:23,337 - INFO -   10 нод(ы) объединено: 4 групп
2025-12-01 13:13:23,337 - INFO -   11 нод(ы) объединено: 1 групп
2025-12-01 13:13:23,337 - INFO -   13 нод(ы) объединено: 5 групп
2025-12-01 13:13:23,337 - INFO -   14 нод(ы) объединено: 3 групп
2025-12-01 13:13:23,337 - INFO -   15 нод(ы) объединено: 2 групп
2025-12-01 13:13:23,337 - INFO -   16 нод(ы) объединено: 1 групп
2025-12-01 13:13:23,337 - INFO -   18 нод(ы) объединено: 1 групп
2025-12-01 13:13:23,337 - INFO -   19 нод(ы) объединено: 2 групп
2025-12-01 13:13:23,337 - INFO -   20 нод(ы) объединено: 1 групп
2025-12-01 13:13:23,337 - INFO -   23 нод(ы) объединено: 1 групп
2025-12-01 13:13:23,337 - INFO -   25 нод(ы) объединено: 1 групп
2025-12-01 13:13:23,337 - INFO -   26 нод(ы) объединено: 1 групп
2025-12-01 13:13:23,337 - INFO -   27 нод(ы) объединено: 2 групп
2025-12-01 13:13:23,337 - INFO -   37 нод(ы) объединено: 1 групп
2025-12-01 13:13:23,337 - INFO -   41 нод(ы) объединено: 1 групп
2025-12-01 13:13:23,337 - INFO -   71 нод(ы) объединено: 1 групп
2025-12-01 13:13:23,337 - INFO -   695 нод(ы) объединено: 1 групп
2025-12-01 13:13:23,337 - INFO - 
РАСПРЕДЕЛЕНИЕ MERGE_COUNT (рёбра):
2025-12-01 13:13:23,338 - INFO -   1 рёбер объединено: 197,542 групп
2025-12-01 13:13:23,338 - INFO - 
✅ ЗАВЕРШЕНО
2025-12-01 13:13:23,338 - INFO - Результаты сохранены:
2025-12-01 13:13:23,338 - INFO -   - Граф: results/full/exp_0.88_0.05_v2.pkl
2025-12-01 13:13:23,338 - INFO -   - Лог: results/full/exp_0.88_0.05_v2.log
